// Jest Snapshot v1, https://goo.gl/fbAQLP

exports[`renders correctly 1`] = `
Array [
  <p>
    10
  </p>,
  <button
    onClick={[Function]}
  >
    +++
  </button>,
]
`;
